==================================================
Hub run: 2026-08-07T08:49:58Z
Repo: /Users/d/projects/sbt-papers
Git SHA: c36a3f4e987c23d1b2bfe103d8aa1cdc1661f077
Flags: check_only=0 fast=0
==================================================
>>> [alibi-epistemology] no reproduce.sh; skipping (paper bundle without pipeline)
>>> [brand-correspondence-principle] no reproduce.sh; skipping (paper bundle without pipeline)
>>> [brand-spectrometer-methods] no reproduce.sh; skipping (paper bundle without pipeline)
>>> [canon-as-repository] no reproduce.sh; skipping (paper bundle without pipeline)
>>> [forming-a-perception] no reproduce.sh; skipping (paper bundle without pipeline)
>>> [perception-sets-matrix] running reproduce.sh 
== deps check ==
== unit suite (must pass before anything) ==

==================================== ERRORS ====================================
_________________ ERROR collecting tests/test_psm_estimator.py _________________
ImportError while importing test module '/Users/d/projects/sbt-papers/perception-sets-matrix/code/tests/test_psm_estimator.py'.
Hint: make sure your test modules/packages have valid Python names.
Traceback:
/Users/d/.local/share/uv/python/cpython-3.14.2-macos-aarch64-none/lib/python3.14/importlib/__init__.py:88: in import_module
    return _bootstrap._gcd_import(name[level:], package, level)
           ^^^^^^^^^^^^^^^^^^^^^^^^^^^^^^^^^^^^^^^^^^^^^^^^^^^^
tests/test_psm_estimator.py:29: in <module>
    import psm_lib as L  # noqa: E402
    ^^^^^^^^^^^^^^^^^^^
psm_lib.py:44: in <module>
    from llm_call_logger import log_call  # noqa: E402
    ^^^^^^^^^^^^^^^^^^^^^^^^^^^^^^^^^^^^
E   ModuleNotFoundError: No module named 'llm_call_logger'
=========================== short test summary info ============================
ERROR tests/test_psm_estimator.py
!!!!!!!!!!!!!!!!!!!! Interrupted: 1 error during collection !!!!!!!!!!!!!!!!!!!!
1 error in 0.14s
!!! [perception-sets-matrix] reproduce.sh exited non-zero
>>> [prism-b-brand] no reproduce.sh; skipping (paper bundle without pipeline)
>>> [prism-c-choice] no reproduce.sh; skipping (paper bundle without pipeline)
>>> [prism-m-metamerism] no reproduce.sh; skipping (paper bundle without pipeline)
>>> [prism-o-optimization-depth] no reproduce.sh; skipping (paper bundle without pipeline)
>>> [prism-t-version-floor] no reproduce.sh; skipping (paper bundle without pipeline)
>>> [producer-observer-seam] no reproduce.sh; skipping (paper bundle without pipeline)
>>> [r0-literature-survey] no reproduce.sh; skipping (paper bundle without pipeline)
>>> [r1-formal-metric] no reproduce.sh; skipping (paper bundle without pipeline)
>>> [r10-dove-case-study] no reproduce.sh; skipping (paper bundle without pipeline)
>>> [r11-dimension-justification] no reproduce.sh; skipping (paper bundle without pipeline)
>>> [r12-coherence-resilience] no reproduce.sh; skipping (paper bundle without pipeline)
>>> [r13-paper-as-specification] no reproduce.sh; skipping (paper bundle without pipeline)
>>> [r14-paper-as-repository] no reproduce.sh; skipping (paper bundle without pipeline)
>>> [r15-ai-search-metamerism] running reproduce.sh 
Downloading raw datasets from HuggingFace...
./reproduce.sh: line 8: huggingface-cli: command not found
!!! [r15-ai-search-metamerism] reproduce.sh exited non-zero
>>> [r16-ai-native-brand-identity] running reproduce.sh 
Downloading raw datasets from HuggingFace...
./reproduce.sh: line 8: huggingface-cli: command not found
!!! [r16-ai-native-brand-identity] reproduce.sh exited non-zero
>>> [r17-brand-triangulation] no reproduce.sh; skipping (paper bundle without pipeline)
>>> [r18-spectral-dynamics] no reproduce.sh; skipping (paper bundle without pipeline)
>>> [r19-rate-distortion] running reproduce.sh 
Downloading raw datasets from HuggingFace...
./reproduce.sh: line 8: huggingface-cli: command not found
!!! [r19-rate-distortion] reproduce.sh exited non-zero
>>> [r2-spectral-metamerism] no reproduce.sh; skipping (paper bundle without pipeline)
>>> [r20-portfolio-ai] no reproduce.sh; skipping (paper bundle without pipeline)
>>> [r21-spectral-immunity] no reproduce.sh; skipping (paper bundle without pipeline)
>>> [r22-spectral-gap-restoration] no reproduce.sh; skipping (paper bundle without pipeline)
>>> [r3-cohort-boundaries] no reproduce.sh; skipping (paper bundle without pipeline)
>>> [r4-sphere-packing] no reproduce.sh; skipping (paper bundle without pipeline)
>>> [r5-specification-impossibility] no reproduce.sh; skipping (paper bundle without pipeline)
>>> [r6-diffusion-dynamics] no reproduce.sh; skipping (paper bundle without pipeline)
>>> [r7-spectral-resource-allocation] no reproduce.sh; skipping (paper bundle without pipeline)
>>> [r8-portfolio-theory] no reproduce.sh; skipping (paper bundle without pipeline)
>>> [r9-nonergodic-perception] no reproduce.sh; skipping (paper bundle without pipeline)
>>> [reaching-a-perception] no reproduce.sh; skipping (paper bundle without pipeline)
>>> [rendering-problem] no reproduce.sh; skipping (paper bundle without pipeline)
>>> [spectral-brand-theory] no reproduce.sh; skipping (paper bundle without pipeline)
>>> [spectral-identity] no reproduce.sh; skipping (paper bundle without pipeline)
>>> [substrate-floor] no reproduce.sh; skipping (paper bundle without pipeline)
==================================================
Hub run complete: 2026-08-07T08:50:02Z
Paper slugs found: 40  ran: 4  skipped: 36
==================================================
==================================================
Hub run: 2026-08-07T10:11:47Z
Repo: /Users/d/projects/sbt-papers
Git SHA: c36a3f4e987c23d1b2bfe103d8aa1cdc1661f077
Flags: check_only=0 fast=0
==================================================
>>> [alibi-epistemology] no reproduce.sh; skipping (paper bundle without pipeline)
>>> [brand-correspondence-principle] no reproduce.sh; skipping (paper bundle without pipeline)
>>> [brand-spectrometer-methods] no reproduce.sh; skipping (paper bundle without pipeline)
>>> [canon-as-repository] no reproduce.sh; skipping (paper bundle without pipeline)
>>> [forming-a-perception] no reproduce.sh; skipping (paper bundle without pipeline)
>>> [perception-sets-matrix] running reproduce.sh 
== deps check ==
== unit suite (must pass before anything) ==

==================================== ERRORS ====================================
_________________ ERROR collecting tests/test_psm_estimator.py _________________
ImportError while importing test module '/Users/d/projects/sbt-papers/perception-sets-matrix/code/tests/test_psm_estimator.py'.
Hint: make sure your test modules/packages have valid Python names.
Traceback:
/Users/d/.local/share/uv/python/cpython-3.14.2-macos-aarch64-none/lib/python3.14/importlib/__init__.py:88: in import_module
    return _bootstrap._gcd_import(name[level:], package, level)
           ^^^^^^^^^^^^^^^^^^^^^^^^^^^^^^^^^^^^^^^^^^^^^^^^^^^^
tests/test_psm_estimator.py:29: in <module>
    import psm_lib as L  # noqa: E402
    ^^^^^^^^^^^^^^^^^^^
psm_lib.py:44: in <module>
    from llm_call_logger import log_call  # noqa: E402
    ^^^^^^^^^^^^^^^^^^^^^^^^^^^^^^^^^^^^
E   ModuleNotFoundError: No module named 'llm_call_logger'
=========================== short test summary info ============================
ERROR tests/test_psm_estimator.py
!!!!!!!!!!!!!!!!!!!! Interrupted: 1 error during collection !!!!!!!!!!!!!!!!!!!!
1 error in 0.08s
!!! [perception-sets-matrix] reproduce.sh exited non-zero
>>> [prism-b-brand] no reproduce.sh; skipping (paper bundle without pipeline)
>>> [prism-c-choice] no reproduce.sh; skipping (paper bundle without pipeline)
>>> [prism-m-metamerism] no reproduce.sh; skipping (paper bundle without pipeline)
>>> [prism-o-optimization-depth] no reproduce.sh; skipping (paper bundle without pipeline)
>>> [prism-t-version-floor] no reproduce.sh; skipping (paper bundle without pipeline)
>>> [producer-observer-seam] no reproduce.sh; skipping (paper bundle without pipeline)
>>> [r0-literature-survey] no reproduce.sh; skipping (paper bundle without pipeline)
>>> [r1-formal-metric] no reproduce.sh; skipping (paper bundle without pipeline)
>>> [r10-dove-case-study] no reproduce.sh; skipping (paper bundle without pipeline)
>>> [r11-dimension-justification] no reproduce.sh; skipping (paper bundle without pipeline)
>>> [r12-coherence-resilience] no reproduce.sh; skipping (paper bundle without pipeline)
>>> [r13-paper-as-specification] no reproduce.sh; skipping (paper bundle without pipeline)
>>> [r14-paper-as-repository] no reproduce.sh; skipping (paper bundle without pipeline)
>>> [r15-ai-search-metamerism] running reproduce.sh 
Downloading raw datasets from HuggingFace...
./reproduce.sh: line 8: huggingface-cli: command not found
!!! [r15-ai-search-metamerism] reproduce.sh exited non-zero
>>> [r16-ai-native-brand-identity] running reproduce.sh 
Downloading raw datasets from HuggingFace...
./reproduce.sh: line 8: huggingface-cli: command not found
!!! [r16-ai-native-brand-identity] reproduce.sh exited non-zero
>>> [r17-brand-triangulation] no reproduce.sh; skipping (paper bundle without pipeline)
>>> [r18-spectral-dynamics] no reproduce.sh; skipping (paper bundle without pipeline)
>>> [r19-rate-distortion] running reproduce.sh 
Downloading raw datasets from HuggingFace...
./reproduce.sh: line 8: huggingface-cli: command not found
!!! [r19-rate-distortion] reproduce.sh exited non-zero
>>> [r2-spectral-metamerism] no reproduce.sh; skipping (paper bundle without pipeline)
>>> [r20-portfolio-ai] no reproduce.sh; skipping (paper bundle without pipeline)
>>> [r21-spectral-immunity] no reproduce.sh; skipping (paper bundle without pipeline)
>>> [r22-spectral-gap-restoration] no reproduce.sh; skipping (paper bundle without pipeline)
>>> [r3-cohort-boundaries] no reproduce.sh; skipping (paper bundle without pipeline)
>>> [r4-sphere-packing] no reproduce.sh; skipping (paper bundle without pipeline)
>>> [r5-specification-impossibility] no reproduce.sh; skipping (paper bundle without pipeline)
>>> [r6-diffusion-dynamics] no reproduce.sh; skipping (paper bundle without pipeline)
>>> [r7-spectral-resource-allocation] no reproduce.sh; skipping (paper bundle without pipeline)
>>> [r8-portfolio-theory] no reproduce.sh; skipping (paper bundle without pipeline)
>>> [r9-nonergodic-perception] no reproduce.sh; skipping (paper bundle without pipeline)
>>> [reaching-a-perception] no reproduce.sh; skipping (paper bundle without pipeline)
>>> [rendering-problem] no reproduce.sh; skipping (paper bundle without pipeline)
>>> [spectral-brand-theory] no reproduce.sh; skipping (paper bundle without pipeline)
>>> [spectral-identity] no reproduce.sh; skipping (paper bundle without pipeline)
>>> [substrate-floor] no reproduce.sh; skipping (paper bundle without pipeline)
==================================================
Hub run complete: 2026-08-07T10:11:47Z
Paper slugs found: 40  ran: 4  skipped: 36
==================================================
==================================================
Hub run: 2026-08-07T10:52:16Z
Repo: /Users/d/projects/sbt-papers
Git SHA: c36a3f4e987c23d1b2bfe103d8aa1cdc1661f077
Flags: check_only=0 fast=0
==================================================
>>> [alibi-epistemology] no reproduce.sh; skipping (paper bundle without pipeline)
>>> [brand-correspondence-principle] no reproduce.sh; skipping (paper bundle without pipeline)
>>> [brand-spectrometer-methods] no reproduce.sh; skipping (paper bundle without pipeline)
>>> [canon-as-repository] no reproduce.sh; skipping (paper bundle without pipeline)
>>> [forming-a-perception] no reproduce.sh; skipping (paper bundle without pipeline)
>>> [perception-sets-matrix] running reproduce.sh 
== deps check ==
== unit suite (must pass before anything) ==
.........                                                                [100%]
9 passed in 12.46s
== design artifacts (seeded; byte-identical regeneration) ==
PERSONAS.yaml written: 30 cohorts
Study-1 match coverage over 60 cells: min=0.471 p25=0.564 median=0.635 p75=0.672 max=0.944
== power simulation ==
seed=20260712 sims=1000 perms=1000 alpha=0.05
config                                          power  median tau_b
Study 1, per operator, tau=.30                  0.952         0.302
Study 1, per operator, tau=.20                  0.702         0.205
Study 1, pooled 4 operators, tau=.20            0.980         0.203
Study 2, per operator, tau=.30                  0.910         0.308
Study 2, pooled 4 operators, tau=.20            0.952         0.204
== seeded estimator ==
results -> data/results.json
== done ==
>>> [prism-b-brand] no reproduce.sh; skipping (paper bundle without pipeline)
>>> [prism-c-choice] no reproduce.sh; skipping (paper bundle without pipeline)
>>> [prism-m-metamerism] no reproduce.sh; skipping (paper bundle without pipeline)
>>> [prism-o-optimization-depth] no reproduce.sh; skipping (paper bundle without pipeline)
>>> [prism-t-version-floor] no reproduce.sh; skipping (paper bundle without pipeline)
>>> [producer-observer-seam] no reproduce.sh; skipping (paper bundle without pipeline)
>>> [r0-literature-survey] no reproduce.sh; skipping (paper bundle without pipeline)
>>> [r1-formal-metric] no reproduce.sh; skipping (paper bundle without pipeline)
>>> [r10-dove-case-study] no reproduce.sh; skipping (paper bundle without pipeline)
>>> [r11-dimension-justification] no reproduce.sh; skipping (paper bundle without pipeline)
>>> [r12-coherence-resilience] no reproduce.sh; skipping (paper bundle without pipeline)
>>> [r13-paper-as-specification] no reproduce.sh; skipping (paper bundle without pipeline)
>>> [r14-paper-as-repository] no reproduce.sh; skipping (paper bundle without pipeline)
>>> [r15-ai-search-metamerism] running reproduce.sh 
Downloading raw datasets from HuggingFace...
  spectralbranding/exp-agentic-collapse  (DOI 10.57967/hf/8437)
Fetching 14 files:   0%|          | 0/14 [00:00<?, ?it/s]Fetching 14 files: 100%|██████████| 14/14 [00:00<00:00, 1056.44it/s]
    downloaded to /Users/d/projects/sbt-papers/r15-ai-search-metamerism/experiment/_hf/exp-agentic-collapse
  spectralbranding/exp-compounding-format  (DOI 10.57967/hf/8438)
Fetching 9 files:   0%|          | 0/9 [00:00<?, ?it/s]Fetching 9 files: 100%|██████████| 9/9 [00:00<00:00, 963.30it/s]
    downloaded to /Users/d/projects/sbt-papers/r15-ai-search-metamerism/experiment/_hf/exp-compounding-format
  spectralbranding/exp-cross-language  (DOI 10.57967/hf/8439)
Fetching 5 files:   0%|          | 0/5 [00:00<?, ?it/s]Fetching 5 files: 100%|██████████| 5/5 [00:00<00:00, 911.41it/s]
    downloaded to /Users/d/projects/sbt-papers/r15-ai-search-metamerism/experiment/_hf/exp-cross-language
  spectralbranding/exp-primacy-generalization  (DOI 10.57967/hf/8436)
Fetching 5 files:   0%|          | 0/5 [00:00<?, ?it/s]Fetching 5 files: 100%|██████████| 5/5 [00:00<00:00, 833.06it/s]
    downloaded to /Users/d/projects/sbt-papers/r15-ai-search-metamerism/experiment/_hf/exp-primacy-generalization
  spectralbranding/r15-ai-search-metamerism  (DOI 10.57967/hf/8284)
Fetching 67 files:   0%|          | 0/67 [00:00<?, ?it/s]Fetching 67 files: 100%|██████████| 67/67 [00:00<00:00, 1802.49it/s]
    downloaded to /Users/d/projects/sbt-papers/r15-ai-search-metamerism/experiment/_hf/r15-ai-search-metamerism
  spectralbranding/r15-synthetic-cohorts  (DOI 10.57967/hf/8441)
Fetching 14 files:   0%|          | 0/14 [00:00<?, ?it/s]Fetching 14 files: 100%|██████████| 14/14 [00:00<00:00, 1129.76it/s]
    downloaded to /Users/d/projects/sbt-papers/r15-ai-search-metamerism/experiment/_hf/r15-synthetic-cohorts
Done. Raw logs are under experiment/_hf/<dataset>/data/.
See DATA_MANIFEST.yaml hf_archive: for the file -> dataset map.
>>> [r16-ai-native-brand-identity] running reproduce.sh 
Downloading raw datasets from HuggingFace...
  spectralbranding/exp-bf-format  (DOI 10.57967/hf/8440)
Fetching 7 files:   0%|          | 0/7 [00:00<?, ?it/s]Fetching 7 files: 100%|██████████| 7/7 [00:00<00:00, 898.94it/s]
    downloaded to /Users/d/projects/sbt-papers/r16-ai-native-brand-identity/experiment/_hf/exp-bf-format
  spectralbranding/r16-behavioral-metamerism-pilot  (DOI 10.57967/hf/8442)
Fetching 8 files:   0%|          | 0/8 [00:00<?, ?it/s]Fetching 8 files: 100%|██████████| 8/8 [00:00<00:00, 1230.41it/s]
    downloaded to /Users/d/projects/sbt-papers/r16-ai-native-brand-identity/experiment/_hf/r16-behavioral-metamerism-pilot
Done. Raw logs are under experiment/_hf/<dataset>/data/.
See DATA_MANIFEST.yaml hf_archive: for the file -> dataset map.
>>> [r17-brand-triangulation] no reproduce.sh; skipping (paper bundle without pipeline)
>>> [r18-spectral-dynamics] no reproduce.sh; skipping (paper bundle without pipeline)
>>> [r19-rate-distortion] running reproduce.sh 
Downloading raw datasets from HuggingFace...
  spectralbranding/r19-rate-distortion-sweep  (DOI 10.57967/hf/8362)
Fetching 23 files:   0%|          | 0/23 [00:00<?, ?it/s]Fetching 23 files: 100%|██████████| 23/23 [00:00<00:00, 1317.45it/s]
    downloaded to /Users/d/projects/sbt-papers/r19-rate-distortion/experiment/_hf/r19-rate-distortion-sweep
Done. Raw logs are under experiment/_hf/<dataset>/data/.
See DATA_MANIFEST.yaml hf_archive: for the file -> dataset map.
>>> [r2-spectral-metamerism] no reproduce.sh; skipping (paper bundle without pipeline)
>>> [r20-portfolio-ai] no reproduce.sh; skipping (paper bundle without pipeline)
>>> [r21-spectral-immunity] no reproduce.sh; skipping (paper bundle without pipeline)
>>> [r22-spectral-gap-restoration] no reproduce.sh; skipping (paper bundle without pipeline)
>>> [r3-cohort-boundaries] no reproduce.sh; skipping (paper bundle without pipeline)
>>> [r4-sphere-packing] no reproduce.sh; skipping (paper bundle without pipeline)
>>> [r5-specification-impossibility] no reproduce.sh; skipping (paper bundle without pipeline)
>>> [r6-diffusion-dynamics] no reproduce.sh; skipping (paper bundle without pipeline)
>>> [r7-spectral-resource-allocation] no reproduce.sh; skipping (paper bundle without pipeline)
>>> [r8-portfolio-theory] no reproduce.sh; skipping (paper bundle without pipeline)
>>> [r9-nonergodic-perception] no reproduce.sh; skipping (paper bundle without pipeline)
>>> [reaching-a-perception] no reproduce.sh; skipping (paper bundle without pipeline)
>>> [rendering-problem] no reproduce.sh; skipping (paper bundle without pipeline)
>>> [spectral-brand-theory] no reproduce.sh; skipping (paper bundle without pipeline)
>>> [spectral-identity] no reproduce.sh; skipping (paper bundle without pipeline)
>>> [substrate-floor] no reproduce.sh; skipping (paper bundle without pipeline)
==================================================
Hub run complete: 2026-08-07T10:57:37Z
Paper slugs found: 40  ran: 4  skipped: 36
==================================================
